Information: Propagating switching activity (low effort zero delay simulation). (PWR-6)
Warning: Design has unannotated primary inputs. (PWR-414)
Warning: Design has unannotated sequential cell outputs. (PWR-415)
 
****************************************
Report : power
        -analysis_effort low
Design : top
Version: T-2022.03-SP4
Date   : Fri May  1 01:23:25 2026
****************************************


Library(s) Used:

    NangateOpenCellLibrary_PDKv1_2_v2008_10_slow_nldm (File: /mnt/coe/workspace/ece/ece720-common/tech/nangate/NangateOpenCellLibrary_PDKv1_2_v2008_10/liberty/520/NangateOpenCellLibrary_PDKv1_2_v2008_10_slow_nldm.db)


Operating Conditions: slow   Library: NangateOpenCellLibrary_PDKv1_2_v2008_10_slow_nldm
Wire Load Model Mode: top


Global Operating Voltage = 0.95 
Power-specific unit information :
    Voltage Units = 1V
    Capacitance Units = 1.000000pf
    Time Units = 1ns
    Dynamic Power Units = 1mW    (derived from V,C,T units)
    Leakage Power Units = 1pW


Attributes
----------
i - Including register clock pin internal power


  Cell Internal Power  = 401.5545 uW   (97%)
  Net Switching Power  =  14.3738 uW    (3%)
                         ---------
Total Dynamic Power    = 415.9283 uW  (100%)

Cell Leakage Power     =  50.4181 uW


                 Internal         Switching           Leakage            Total
Power Group      Power            Power               Power              Power   (   %    )  Attrs
--------------------------------------------------------------------------------------------------
io_pad             0.0000            0.0000            0.0000            0.0000  (   0.00%)
memory             0.0000            0.0000            0.0000            0.0000  (   0.00%)
black_box          0.0000            0.0000            0.0000            0.0000  (   0.00%)
clock_network      0.3960            0.0000            0.0000            0.3960  (  84.91%)  i
register       2.1141e-03        6.5809e-04        1.9308e+07        2.2080e-02  (   4.73%)
sequential         0.0000            0.0000            0.0000            0.0000  (   0.00%)
combinational  3.4567e-03        1.3716e-02        3.1110e+07        4.8283e-02  (  10.35%)
--------------------------------------------------------------------------------------------------
Total              0.4016 mW     1.4374e-02 mW     5.0418e+07 pW         0.4663 mW
1
