Information: Propagating switching activity (low effort zero delay simulation). (PWR-6)
Warning: Design has unannotated primary inputs. (PWR-414)
Warning: Design has unannotated sequential cell outputs. (PWR-415)
 
****************************************
Report : power
        -analysis_effort low
Design : top
Version: T-2022.03-SP4
Date   : Wed Apr 15 14:39:04 2026
****************************************


Library(s) Used:

    NangateOpenCellLibrary_PDKv1_2_v2008_10_slow_nldm (File: /mnt/coe/workspace/ece/ece720-common/tech/nangate/NangateOpenCellLibrary_PDKv1_2_v2008_10/liberty/520/NangateOpenCellLibrary_PDKv1_2_v2008_10_slow_nldm.db)


Operating Conditions: slow   Library: NangateOpenCellLibrary_PDKv1_2_v2008_10_slow_nldm
Wire Load Model Mode: top


Global Operating Voltage = 0.95 
Power-specific unit information :
    Voltage Units = 1V
    Capacitance Units = 1.000000pf
    Time Units = 1ns
    Dynamic Power Units = 1mW    (derived from V,C,T units)
    Leakage Power Units = 1pW


Attributes
----------
i - Including register clock pin internal power


  Cell Internal Power  = 729.9167 uW   (96%)
  Net Switching Power  =  27.3360 uW    (4%)
                         ---------
Total Dynamic Power    = 757.2527 uW  (100%)

Cell Leakage Power     =  54.3505 uW


                 Internal         Switching           Leakage            Total
Power Group      Power            Power               Power              Power   (   %    )  Attrs
--------------------------------------------------------------------------------------------------
io_pad             0.0000            0.0000            0.0000            0.0000  (   0.00%)
memory             0.0000            0.0000            0.0000            0.0000  (   0.00%)
black_box          0.0000            0.0000            0.0000            0.0000  (   0.00%)
clock_network      0.7183            0.0000            0.0000            0.7183  (  88.50%)  i
register       3.9113e-03        1.0929e-03        1.9138e+07        2.4141e-02  (   2.97%)
sequential         0.0000            0.0000            0.0000            0.0000  (   0.00%)
combinational  7.7251e-03        2.6243e-02        3.5213e+07        6.9181e-02  (   8.52%)
--------------------------------------------------------------------------------------------------
Total              0.7299 mW     2.7336e-02 mW     5.4350e+07 pW         0.8116 mW
1
