 
****************************************
Report : area
Design : top
Version: T-2022.03-SP4
Date   : Fri May  1 01:23:24 2026
****************************************

Library(s) Used:

    NangateOpenCellLibrary_PDKv1_2_v2008_10_slow_nldm (File: /mnt/coe/workspace/ece/ece720-common/tech/nangate/NangateOpenCellLibrary_PDKv1_2_v2008_10/liberty/520/NangateOpenCellLibrary_PDKv1_2_v2008_10_slow_nldm.db)

Number of ports:                          168
Number of nets:                          8420
Number of cells:                         7928
Number of combinational cells:           6603
Number of sequential cells:              1323
Number of macros/black boxes:               0
Number of buf/inv:                       1509
Number of references:                      51

Combinational area:               7696.976114
Buf/Inv area:                      824.334007
Noncombinational area:            7390.277955
Macro/Black Box area:                0.000000
Net Interconnect area:      undefined  (No wire load specified)

Total cell area:                 15087.254069
Total area:                 undefined
1
