 
****************************************
Report : area
Design : top
Version: T-2022.03-SP4
Date   : Fri May  1 01:42:56 2026
****************************************

Library(s) Used:

    NangateOpenCellLibrary_PDKv1_2_v2008_10_slow_nldm (File: /mnt/coe/workspace/ece/ece720-common/tech/nangate/NangateOpenCellLibrary_PDKv1_2_v2008_10/liberty/520/NangateOpenCellLibrary_PDKv1_2_v2008_10_slow_nldm.db)

Number of ports:                          168
Number of nets:                          8316
Number of cells:                         7769
Number of combinational cells:           6444
Number of sequential cells:              1323
Number of macros/black boxes:               0
Number of buf/inv:                       1464
Number of references:                      49

Combinational area:               7658.938121
Buf/Inv area:                      799.862006
Noncombinational area:            7390.277955
Macro/Black Box area:                0.000000
Net Interconnect area:      undefined  (No wire load specified)

Total cell area:                 15049.216075
Total area:                 undefined
1
