Information: Propagating switching activity (low effort zero delay simulation). (PWR-6)
Warning: Design has unannotated primary inputs. (PWR-414)
Warning: Design has unannotated sequential cell outputs. (PWR-415)
 
****************************************
Report : power
        -analysis_effort low
Design : top
Version: T-2022.03-SP4
Date   : Wed Apr 15 14:37:45 2026
****************************************


Library(s) Used:

    NangateOpenCellLibrary_PDKv1_2_v2008_10_slow_nldm (File: /mnt/coe/workspace/ece/ece720-common/tech/nangate/NangateOpenCellLibrary_PDKv1_2_v2008_10/liberty/520/NangateOpenCellLibrary_PDKv1_2_v2008_10_slow_nldm.db)


Operating Conditions: slow   Library: NangateOpenCellLibrary_PDKv1_2_v2008_10_slow_nldm
Wire Load Model Mode: top


Global Operating Voltage = 0.95 
Power-specific unit information :
    Voltage Units = 1V
    Capacitance Units = 1.000000pf
    Time Units = 1ns
    Dynamic Power Units = 1mW    (derived from V,C,T units)
    Leakage Power Units = 1pW


Attributes
----------
i - Including register clock pin internal power


  Cell Internal Power  = 668.7980 uW   (96%)
  Net Switching Power  =  24.7405 uW    (4%)
                         ---------
Total Dynamic Power    = 693.5385 uW  (100%)

Cell Leakage Power     =  53.9030 uW


                 Internal         Switching           Leakage            Total
Power Group      Power            Power               Power              Power   (   %    )  Attrs
--------------------------------------------------------------------------------------------------
io_pad             0.0000            0.0000            0.0000            0.0000  (   0.00%)
memory             0.0000            0.0000            0.0000            0.0000  (   0.00%)
black_box          0.0000            0.0000            0.0000            0.0000  (   0.00%)
clock_network      0.6586            0.0000            0.0000            0.6586  (  88.11%)  i
register       3.4912e-03        1.0223e-03        1.9131e+07        2.3645e-02  (   3.16%)
sequential         0.0000            0.0000            0.0000            0.0000  (   0.00%)
combinational  6.7481e-03        2.3718e-02        3.4772e+07        6.5238e-02  (   8.73%)
--------------------------------------------------------------------------------------------------
Total              0.6688 mW     2.4740e-02 mW     5.3903e+07 pW         0.7474 mW
1
