Information: Propagating switching activity (low effort zero delay simulation). (PWR-6)
Warning: Design has unannotated primary inputs. (PWR-414)
Warning: Design has unannotated sequential cell outputs. (PWR-415)
 
****************************************
Report : power
        -analysis_effort low
Design : top
Version: T-2022.03-SP4
Date   : Fri May  1 01:19:32 2026
****************************************


Library(s) Used:

    NangateOpenCellLibrary_PDKv1_2_v2008_10_slow_nldm (File: /mnt/coe/workspace/ece/ece720-common/tech/nangate/NangateOpenCellLibrary_PDKv1_2_v2008_10/liberty/520/NangateOpenCellLibrary_PDKv1_2_v2008_10_slow_nldm.db)


Operating Conditions: slow   Library: NangateOpenCellLibrary_PDKv1_2_v2008_10_slow_nldm
Wire Load Model Mode: top


Global Operating Voltage = 0.95 
Power-specific unit information :
    Voltage Units = 1V
    Capacitance Units = 1.000000pf
    Time Units = 1ns
    Dynamic Power Units = 1mW    (derived from V,C,T units)
    Leakage Power Units = 1pW


Attributes
----------
i - Including register clock pin internal power


  Cell Internal Power  = 617.5981 uW   (96%)
  Net Switching Power  =  22.6498 uW    (4%)
                         ---------
Total Dynamic Power    = 640.2479 uW  (100%)

Cell Leakage Power     =  53.5265 uW


                 Internal         Switching           Leakage            Total
Power Group      Power            Power               Power              Power   (   %    )  Attrs
--------------------------------------------------------------------------------------------------
io_pad             0.0000            0.0000            0.0000            0.0000  (   0.00%)
memory             0.0000            0.0000            0.0000            0.0000  (   0.00%)
black_box          0.0000            0.0000            0.0000            0.0000  (   0.00%)
clock_network      0.6085            0.0000            0.0000            0.6085  (  87.71%)  i
register       3.3212e-03        9.9209e-04        1.9276e+07        2.3590e-02  (   3.40%)
sequential         0.0000            0.0000            0.0000            0.0000  (   0.00%)
combinational  5.7646e-03        2.1658e-02        3.4250e+07        6.1673e-02  (   8.89%)
--------------------------------------------------------------------------------------------------
Total              0.6176 mW     2.2650e-02 mW     5.3527e+07 pW         0.6938 mW
1
