Information: Propagating switching activity (low effort zero delay simulation). (PWR-6)
Warning: Design has unannotated primary inputs. (PWR-414)
Warning: Design has unannotated sequential cell outputs. (PWR-415)
 
****************************************
Report : power
        -analysis_effort low
Design : top
Version: T-2022.03-SP4
Date   : Fri May  1 01:21:07 2026
****************************************


Library(s) Used:

    NangateOpenCellLibrary_PDKv1_2_v2008_10_slow_nldm (File: /mnt/coe/workspace/ece/ece720-common/tech/nangate/NangateOpenCellLibrary_PDKv1_2_v2008_10/liberty/520/NangateOpenCellLibrary_PDKv1_2_v2008_10_slow_nldm.db)


Operating Conditions: slow   Library: NangateOpenCellLibrary_PDKv1_2_v2008_10_slow_nldm
Wire Load Model Mode: top


Global Operating Voltage = 0.95 
Power-specific unit information :
    Voltage Units = 1V
    Capacitance Units = 1.000000pf
    Time Units = 1ns
    Dynamic Power Units = 1mW    (derived from V,C,T units)
    Leakage Power Units = 1pW


Attributes
----------
i - Including register clock pin internal power


  Cell Internal Power  = 535.6082 uW   (97%)
  Net Switching Power  =  19.3630 uW    (3%)
                         ---------
Total Dynamic Power    = 554.9711 uW  (100%)

Cell Leakage Power     =  52.3365 uW


                 Internal         Switching           Leakage            Total
Power Group      Power            Power               Power              Power   (   %    )  Attrs
--------------------------------------------------------------------------------------------------
io_pad             0.0000            0.0000            0.0000            0.0000  (   0.00%)
memory             0.0000            0.0000            0.0000            0.0000  (   0.00%)
black_box          0.0000            0.0000            0.0000            0.0000  (   0.00%)
clock_network      0.5276            0.0000            0.0000            0.5276  (  86.88%)  i
register       2.8530e-03        8.9079e-04        1.9276e+07        2.3020e-02  (   3.79%)
sequential         0.0000            0.0000            0.0000            0.0000  (   0.00%)
combinational  5.1115e-03        1.8472e-02        3.3061e+07        5.6644e-02  (   9.33%)
--------------------------------------------------------------------------------------------------
Total              0.5356 mW     1.9363e-02 mW     5.2337e+07 pW         0.6073 mW
1
