Information: Updating design information... (UID-85)
Warning: Design 'top' contains 1 high-fanout nets. A fanout number of 1000 will be used for delay calculations involving these nets. (TIM-134)
 
****************************************
Report : timing
        -path full
        -delay min
        -max_paths 1
Design : top
Version: T-2022.03-SP4
Date   : Fri May  1 01:42:55 2026
****************************************

 # A fanout number of 1000 was used for high fanout net computations.

Operating Conditions: fast   Library: NangateOpenCellLibrary_PDKv1_2_v2008_10_fast_nldm
Wire Load Model Mode: top

  Startpoint: u_fetch/pc_reg_reg[2]
              (rising edge-triggered flip-flop clocked by clk)
  Endpoint: u_decode/pc_o_reg[2]
            (rising edge-triggered flip-flop clocked by clk)
  Path Group: clk
  Path Type: min

  Point                                    Incr       Path
  -----------------------------------------------------------
  clock clk (rise edge)                  0.0000     0.0000
  clock network delay (ideal)            0.0000     0.0000
  u_fetch/pc_reg_reg[2]/CK (DFFR_X2)     0.0000 #   0.0000 r
  u_fetch/pc_reg_reg[2]/Q (DFFR_X2)      0.0696     0.0696 r
  U7964/ZN (NOR2_X1)                     0.0167     0.0864 f
  u_decode/pc_o_reg[2]/D (DFFR_X1)       0.0000     0.0864 f
  data arrival time                                 0.0864

  clock clk (rise edge)                  0.0000     0.0000
  clock network delay (ideal)            0.0000     0.0000
  clock uncertainty                      0.0500     0.0500
  u_decode/pc_o_reg[2]/CK (DFFR_X1)      0.0000     0.0500 r
  library hold time                      0.0021     0.0521
  data required time                                0.0521
  -----------------------------------------------------------
  data required time                                0.0521
  data arrival time                                -0.0864
  -----------------------------------------------------------
  slack (MET)                                       0.0343


1
